statements.walk pass 1: 7 -> 1
statements.walk pass 2: 1 -> 1
cells_of.kids_of pass 1: 8 -> 1
cells_of.kids_of pass 2: 1 -> 1
merge pass 1: 8 -> 1
merge pass 2: 1 -> 1
ask pass 1: 6 -> 2
ask pass 2: 2 -> 1
ask_claude pass 1: 5 -> 1
ask_claude pass 2: 1 -> 1
retry 1 [check_pass()]: group 6-26: 24 non-blank lines is too big for one first-pass text: split it into more groups at inner statement boundaries
retry 2 [check_pass()]: group 5-12: it cuts the statement 215-238: hold all of its lines, or only lines inside it, or none of them: cells 6, 7, 8, 9, 10, 11, 12, 13, 14, 15, 16, 17, 18, 19, 20, 21, 22, 23, 24, 25, 26 are the cells inside it
check_pass pass 1: 28 -> 7
check_pass pass 2: 7 -> 4
check_pass pass 3: 4 -> 1
carve pass 1: 20 -> 3
carve pass 2: 3 -> 1
blocks_of.grab pass 1: 8 -> 1
blocks_of.grab pass 2: 1 -> 1
calls_of.resolve pass 1: 6 -> 1
calls_of.resolve pass 2: 1 -> 1
layers_of.strong pass 1: 18 -> 3
layers_of.strong pass 2: 3 -> 1
layers_of.height pass 1: 4 -> 1
layers_of.height pass 2: 1 -> 1
nodes_of.walk pass 1: 5 -> 1
nodes_of.walk pass 2: 1 -> 1
number.walk pass 1: 6 -> 1
number.walk pass 2: 1 -> 1
links pass 1: 16 -> 5
links pass 2: 5 -> 3
links pass 3: 3 -> 1
row_of pass 1: 6 -> 2
row_of pass 2: 2 -> 1
write_node pass 1: 11 -> 4
write_node pass 2: 4 -> 2
write_node pass 3: 2 -> 1
statements pass 1: 6 -> 2
statements pass 2: 2 -> 1
cells_of.emit pass 1: 19 -> 4
cells_of.emit pass 2: 4 -> 3
cells_of.emit pass 3: 3 -> 1
lift pass 1: 13 -> 3
lift pass 2: 3 -> 1
blocks_of pass 1: 13 -> 3
blocks_of pass 2: 3 -> 1
calls_of.scan pass 1: 9 -> 1
calls_of.scan pass 2: 1 -> 1
layers_of pass 1: 13 -> 4
layers_of pass 2: 4 -> 3
layers_of pass 3: 3 -> 1
nodes_of pass 1: 4 -> 1
nodes_of pass 2: 1 -> 1
number pass 1: 5 -> 2
number pass 2: 2 -> 1
write_map pass 1: 7 -> 2
write_map pass 2: 2 -> 1
cells_of pass 1: 36 -> 5
cells_of pass 2: 5 -> 3
cells_of pass 3: 3 -> 1
calls_of pass 1: 7 -> 2
calls_of pass 2: 2 -> 1
owner_of pass 1: 8 -> 3
owner_of pass 2: 3 -> 1
retry 1 [one_pass()]: group 15-33: 20 non-blank lines is too big for one first-pass text: split it into more groups at inner statement boundaries
one_pass pass 1: 50 -> 13
one_pass pass 2: 13 -> 6
one_pass pass 3: 6 -> 1
terms_of pass 1: 35 -> 8
terms_of pass 2: 8 -> 4
terms_of pass 3: 4 -> 1
compile_block pass 1: 23 -> 5
compile_block pass 2: 5 -> 3
compile_block pass 3: 3 -> 1
main pass 1: 46 -> 9
main pass 2: 9 -> 7
main pass 3: 7 -> 1
script pass 1: 17 -> 6
script pass 2: 6 -> 3
script pass 3: 3 -> 1
retry 1 [terms]: no text uses the term: story beat
33 blocks, 171 texts, 25 links, 4 terms -> decompile_v7/map.json
